[*] Rozpoczęto nasłuchiwanie na /dev/ttyUSB0...
[*] Filtrowanie aktywne: Loguję tylko ramki konfiguracyjne.

[23:17:56.202] ELRS_STATUS          | EA 0D 3A EA EE 10 00 01 86 A0 00 00 00 C9 96
[23:17:56.394] ELRS_STATUS          | EA 0D 3A EA EE 10 00 01 86 A0 00 00 01 1E E9
[23:17:56.602] ELRS_STATUS          | EA 0D 3A EA EE 10 00 01 86 A0 FF FF FF DE 48
[23:17:56.794] ELRS_STATUS          | EA 0D 3A EA EE 10 00 01 86 A0 00 00 00 5A 81
[23:17:57.002] ELRS_STATUS          | EA 0D 3A EA EE 10 00 01 86 A0 00 00 00 8C 20
[23:17:57.194] ELRS_STATUS          | EA 0D 3A EA EE 10 00 01 86 A0 00 00 00 DF 45
[23:17:57.402] ELRS_STATUS          | EA 0D 3A EA EE 10 00 01 86 A0 00 00 00 A4 AD
[23:17:57.594] ELRS_STATUS          | EA 0D 3A EA EE 10 00 01 86 A0 00 00 00 C8 43
[23:17:57.802] ELRS_STATUS          | EA 0D 3A EA EE 10 00 01 86 A0 00 00 00 93 0F
[23:17:57.994] ELRS_STATUS          | EA 0D 3A EA EE 10 00 01 86 A0 00 00 00 FD 9E
[23:17:58.202] ELRS_STATUS          | EA 0D 3A EA EE 10 00 01 86 A0 00 00 00 23 16
[23:17:58.394] ELRS_STATUS          | EA 0D 3A EA EE 10 00 01 86 A0 00 00 00 B6 80
[23:17:58.602] ELRS_STATUS          | EA 0D 3A EA EE 10 00 01 86 A0 00 00 00 A6 D2
[23:17:58.794] ELRS_STATUS          | EA 0D 3A EA EE 10 00 01 86 A0 00 00 00 F2 E3
[23:17:59.002] ELRS_STATUS          | EA 0D 3A EA EE 10 00 01 86 A0 00 00 00 0A 4E
[23:17:59.194] ELRS_STATUS          | EA 0D 3A EA EE 10 00 01 86 A0 00 00 00 7B F0
[23:17:59.402] ELRS_STATUS          | EA 0D 3A EA EE 10 00 01 86 A0 00 00 00 51 02
[23:17:59.594] ELRS_STATUS          | EA 0D 3A EA EE 10 00 01 86 A0 00 00 01 A7 0C
[23:17:59.802] ELRS_STATUS          | EA 0D 3A EA EE 10 00 01 86 A0 FF FF FF C6 33
[23:17:59.994] ELRS_STATUS          | EA 0D 3A EA EE 10 00 01 86 A0 00 00 01 53 76
[23:18:00.202] ELRS_STATUS          | EA 0D 3A EA EE 10 00 01 86 A0 00 00 00 AC 84
[23:18:00.394] ELRS_STATUS          | EA 0D 3A EA EE 10 00 01 86 A0 00 00 00 58 FE
[23:18:00.602] ELRS_STATUS          | EA 0D 3A EA EE 10 00 01 86 A0 00 00 00 D7 6C
[23:18:00.794] ELRS_STATUS          | EA 0D 3A EA EE 10 00 01 86 A0 00 00 01 10 41
[23:18:01.002] ELRS_STATUS          | EA 0D 3A EA EE 10 00 01 86 A0 FF FF FF B1 0C
[23:18:01.194] ELRS_STATUS          | EA 0D 3A EA EE 10 00 01 86 A0 00 00 00 67 75
[23:18:01.402] ELRS_STATUS          | EA 0D 3A EA EE 10 00 01 86 A0 00 00 01 8B 7F
[23:18:01.594] ELRS_STATUS          | EA 0D 3A EA EE 10 00 01 86 A0 FF FF FF D9 1C
[23:18:01.802] ELRS_STATUS          | EA 0D 3A EA EE 10 00 01 86 A0 00 00 00 85 DC
[23:18:01.994] ELRS_STATUS          | EA 0D 3A EA EE 10 00 01 86 A0 00 00 00 79 8F
[23:18:02.202] ELRS_STATUS          | EA 0D 3A EA EE 10 00 01 86 A0 00 00 01 59 20
[23:18:02.394] ELRS_STATUS          | EA 0D 3A EA EE 10 00 01 86 A0 00 00 00 B5 2A
[23:18:02.602] ELRS_STATUS          | EA 0D 3A EA EE 10 00 01 86 A0 00 00 00 30 EE
[23:18:02.794] ELRS_STATUS          | EA 0D 3A EA EE 10 00 01 86 A0 00 00 00 D6 B9
[23:18:03.002] ELRS_STATUS          | EA 0D 3A EA EE 10 00 01 86 A0 00 00 00 AE FB
[23:18:03.194] ELRS_STATUS          | EA 0D 3A EA EE 10 00 01 86 A0 00 00 00 80 F7
[23:18:03.402] ELRS_STATUS          | EA 0D 3A EA EE 10 00 01 86 A0 00 00 00 A5 78
[23:18:03.594] ELRS_STATUS          | EA 0D 3A EA EE 10 00 01 86 A0 00 00 00 82 88
[23:18:03.802] ELRS_STATUS          | EA 0D 3A EA EE 10 00 01 86 A0 00 00 00 B3 AB
[23:18:03.994] ELRS_STATUS          | EA 0D 3A EA EE 10 00 01 86 A0 00 00 00 E4 30
[23:18:04.202] ELRS_STATUS          | EA 0D 3A EA EE 10 00 01 86 A0 00 00 00 E1 1B
[23:18:04.394] ELRS_STATUS          | EA 0D 3A EA EE 10 00 01 86 A0 FF FF FF 75 80
[23:18:04.602] ELRS_STATUS          | EA 0D 3A EA EE 10 00 01 86 A0 00 00 01 58 F5
[23:18:04.794] ELRS_STATUS          | EA 0D 3A EA EE 10 00 01 86 A0 00 00 00 C5 41
[23:18:05.002] ELRS_STATUS          | EA 0D 3A EA EE 10 00 01 86 A0 00 00 00 E0 CE
[23:18:05.194] ELRS_STATUS          | EA 0D 3A EA EE 10 00 01 86 A0 FF FF FF AC 5C
[23:18:05.404] ELRS_STATUS          | EA 0D 3A EA EE 10 00 01 86 A0 00 00 00 DA 6E
[23:18:05.594] ELRS_STATUS          | EA 0D 3A EA EE 10 00 01 86 A0 00 00 00 50 D7
[23:18:05.802] ELRS_STATUS          | EA 0D 3A EA EE 10 00 01 86 A0 00 00 01 42 F1
[23:18:05.994] ELRS_STATUS          | EA 0D 3A EA EE 10 00 01 86 A0 00 00 00 EC 19
[23:18:06.202] ELRS_STATUS          | EA 0D 3A EA EE 10 00 01 86 A0 00 00 00 5C 00
[23:18:06.395] ELRS_STATUS          | EA 0D 3A EA EE 10 00 01 86 A0 00 00 00 DD 3A
[23:18:06.602] ELRS_STATUS          | EA 0D 3A EA EE 10 00 01 86 A0 FF FF FF B8 F0
[23:18:06.795] ELRS_STATUS          | EA 0D 3A EA EE 10 00 01 86 A0 00 00 00 D0 38
[23:18:07.002] ELRS_STATUS          | EA 0D 3A EA EE 10 00 01 86 A0 00 00 00 AA 05
[23:18:07.195] ELRS_STATUS          | EA 0D 3A EA EE 10 00 01 86 A0 00 00 00 A8 7A
[23:18:07.403] ELRS_STATUS          | EA 0D 3A EA EE 10 00 01 86 A0 00 00 00 9A F3
[23:18:07.595] ELRS_STATUS          | EA 0D 3A EA EE 10 00 01 86 A0 00 00 00 9E 0D
[23:18:07.803] ELRS_STATUS          | EA 0D 3A EA EE 10 00 01 86 A0 00 00 00 BD 03
[23:18:07.995] ELRS_STATUS          | EA 0D 3A EA EE 10 00 01 86 A0 00 00 01 06 92
[23:18:08.203] ELRS_STATUS          | EA 0D 3A EA EE 10 00 01 86 A0 00 00 00 8E 5F
[23:18:08.395] ELRS_STATUS          | EA 0D 3A EA EE 10 00 01 86 A0 00 00 00 EA 98
[23:18:08.603] ELRS_STATUS          | EA 0D 3A EA EE 10 00 01 86 A0 FF FF FF E2 69
[23:18:08.795] ELRS_STATUS          | EA 0D 3A EA EE 10 00 01 86 A0 00 00 00 FE 34
[23:18:09.006] ELRS_STATUS          | EA 0D 3A EA EE 10 00 01 86 A0 00 00 00 9C 72
[23:18:09.195] ELRS_STATUS          | EA 0D 3A EA EE 10 00 01 86 A0 00 00 00 EC 19
[23:18:09.403] ELRS_STATUS          | EA 0D 3A EA EE 10 00 01 86 A0 00 00 00 B4 FF
[23:18:09.595] ELRS_STATUS          | EA 0D 3A EA EE 10 00 01 86 A0 00 00 00 45 AE
[23:18:09.803] ELRS_STATUS          | EA 0D 3A EA EE 10 00 01 86 A0 00 00 00 C7 3E
[23:18:09.995] ELRS_STATUS          | EA 0D 3A EA EE 10 00 01 86 A0 00 00 00 BD 03
[23:18:10.203] ELRS_STATUS          | EA 0D 3A EA EE 10 00 01 86 A0 00 00 00 AB D0
[23:18:10.395] ELRS_STATUS          | EA 0D 3A EA EE 10 00 01 86 A0 00 00 00 E4 30
[23:18:10.603] ELRS_STATUS          | EA 0D 3A EA EE 10 00 01 86 A0 FF FF FF 8B AC
[23:18:10.795] ELRS_STATUS          | EA 0D 3A EA EE 10 00 01 86 A0 00 00 01 1B C2
[23:18:11.003] ELRS_STATUS          | EA 0D 3A EA EE 10 00 01 86 A0 00 00 00 AC 84
[23:18:11.195] ELRS_STATUS          | EA 0D 3A EA EE 10 00 01 86 A0 00 00 00 99 59
[23:18:11.403] ELRS_STATUS          | EA 0D 3A EA EE 10 00 01 86 A0 00 00 00 2D BE
[23:18:11.515] DEVICE_INFO          | EA 20 29 EA EE 48 4D 20 45 53 32 34 54 58 20 50 72 6F 00 45 4C 52 53 00 00 00 00 00 03 06 02 20 00 90
[23:18:11.595] ELRS_STATUS          | EA 0D 3A EA EE 10 00 01 86 A0 00 00 00 ED CC
[23:18:11.803] ELRS_STATUS          | EA 0D 3A EA EE 10 00 01 86 A0 00 00 00 80 F7
[23:18:11.995] ELRS_STATUS          | EA 0D 3A EA EE 10 00 01 86 A0 00 00 00 D6 B9
[23:18:12.203] ELRS_STATUS          | EA 0D 3A EA EE 10 00 01 86 A0 00 00 00 7D 71
[23:18:12.395] ELRS_STATUS          | EA 0D 3A EA EE 10 00 01 86 A0 00 00 00 84 09
[23:18:12.582] DEVICE_INFO          | EA 20 29 EA EE 48 4D 20 45 53 32 34 54 58 20 50 72 6F 00 45 4C 52 53 00 00 00 00 00 03 06 02 20 00 90
[23:18:12.612] ELRS_STATUS          | EA 0D 3A EA EE 10 00 01 86 A0 00 00 01 EF B8
[23:18:12.803] ELRS_STATUS          | EA 0D 3A EA EE 10 00 01 86 A0 FF FF FF C1 67
[23:18:12.995] ELRS_STATUS          | EA 0D 3A EA EE 10 00 01 86 A0 00 00 00 32 91
[23:18:13.203] ELRS_STATUS          | EA 0D 3A EA EE 10 00 01 86 A0 00 00 00 F0 9C
[23:18:13.395] ELRS_STATUS          | EA 0D 3A EA EE 10 00 01 86 A0 00 00 00 7B F0
[23:18:13.603] ELRS_STATUS          | EA 0D 3A EA EE 10 00 01 86 A0 00 00 00 A8 7A
[23:18:13.632] DEVICE_INFO          | EA 20 29 EA EE 48 4D 20 45 53 32 34 54 58 20 50 72 6F 00 45 4C 52 53 00 00 00 00 00 03 06 02 20 00 90
[23:18:13.740] PARAM_READ           | EE 06 2C EE EA 01 00 86
[23:18:13.740] PARAM_ENTRY (Discovery) | EA 3E 2B EA EE 01 02 00 09 50 61 63 6B 65 74 20 52 61 74 65 00 35 30 48 7A 28 2D 31 31 35 64 42 6D 29 3B 31 30 30 48 7A 20 46 75 6C 6C 28 2D 31 31 32 64 42 6D 29 3B 31 35 30 48 7A 28 2D 31 FC
      <--- INFO: Definicja parametru (Discovery)
[23:18:13.803] ELRS_STATUS          | EA 0D 3A EA EE 10 00 01 86 A0 00 00 00 6F 5C
[23:18:13.803] PARAM_READ           | EE 06 2C EE EA 01 01 53
[23:18:13.824] PARAM_ENTRY (Discovery) | EA 3E 2B EA EE 01 01 31 32 64 42 6D 29 3B 32 35 30 48 7A 28 2D 31 30 38 64 42 6D 29 3B 33 33 33 48 7A 20 46 75 6C 6C 28 2D 31 30 35 64 42 6D 29 3B 35 30 30 48 7A 28 2D 31 30 35 64 42 6D 29 94
      <--- INFO: Definicja parametru (Discovery)
[23:18:13.904] PARAM_READ           | EE 06 2C EE EA 01 02 F9
[23:18:13.924] PARAM_ENTRY (Discovery) | EA 36 2B EA EE 01 00 3B 44 32 35 30 28 2D 31 30 34 64 42 6D 29 3B 44 35 30 30 28 2D 31 30 34 64 42 6D 29 3B 46 35 30 30 28 2D 31 30 34 64 42 6D 29 00 01 00 08 00 00 B8
      <--- INFO: Definicja parametru (Discovery)
[23:18:14.003] ELRS_STATUS          | EA 0D 3A EA EE 10 00 01 86 A0 00 00 00 FA CA
[23:18:14.003] PARAM_READ           | EE 06 2C EE EA 02 00 9B
[23:18:14.024] PARAM_ENTRY (Discovery) | EA 3E 2B EA EE 02 01 00 09 54 65 6C 65 6D 20 52 61 74 69 6F 00 53 74 64 3B 4F 66 66 3B 31 3A 31 32 38 3B 31 3A 36 34 3B 31 3A 33 32 3B 31 3A 31 36 3B 31 3A 38 3B 31 3A 34 3B 31 3A 32 3B 52 B8
      <--- INFO: Definicja parametru (Discovery)
[23:18:14.104] PARAM_READ           | EE 06 2C EE EA 02 01 4E
[23:18:14.132] PARAM_ENTRY (Discovery) | EA 17 2B EA EE 02 00 61 63 65 00 02 00 09 00 20 28 37 39 62 70 73 29 00 33
      <--- INFO: Definicja parametru (Discovery)
[23:18:14.196] ELRS_STATUS          | EA 0D 3A EA EE 10 00 01 86 A0 00 00 00 90 A5
[23:18:14.212] PARAM_READ           | EE 06 2C EE EA 03 00 90
[23:18:14.234] PARAM_ENTRY (Discovery) | EA 34 2B EA EE 03 00 00 09 53 77 69 74 63 68 20 4D 6F 64 65 00 38 63 68 3B 31 36 63 68 20 52 61 74 65 2F 32 3B 31 32 63 68 20 4D 69 78 65 64 00 01 00 02 00 00 74
      <--- INFO: Definicja parametru (Discovery)
[23:18:14.314] PARAM_READ           | EE 06 2C EE EA 04 00 A1
[23:18:14.334] PARAM_ENTRY (Discovery) | EA 26 2B EA EE 04 00 00 09 4C 69 6E 6B 20 4D 6F 64 65 00 4E 6F 72 6D 61 6C 3B 4D 41 56 4C 69 6E 6B 00 00 00 01 00 00 06
      <--- INFO: Definicja parametru (Discovery)
[23:18:14.412] ELRS_STATUS          | EA 0D 3A EA EE 10 00 01 86 A0 00 00 00 C3 C0
[23:18:14.412] PARAM_READ           | EE 06 2C EE EA 05 00 AA
[23:18:14.434] PARAM_ENTRY (Discovery) | EA 28 2B EA EE 05 00 00 09 4D 6F 64 65 6C 20 4D 61 74 63 68 00 4F 66 66 3B 4F 6E 00 00 00 01 00 20 28 49 44 3A 20 30 29 00 D2
      <--- INFO: Definicja parametru (Discovery)
[23:18:14.514] PARAM_READ           | EE 06 2C EE EA 06 00 B7
[23:18:14.542] PARAM_ENTRY (Discovery) | EA 1C 2B EA EE 06 00 00 0B 54 58 20 50 6F 77 65 72 20 28 32 35 6D 57 29 00 07 08 09 FF B8
      <--- INFO: Definicja parametru (Discovery)
[23:18:14.603] ELRS_STATUS          | EA 0D 3A EA EE 10 00 01 86 A0 00 00 00 90 A5
[23:18:14.634] PARAM_READ           | EE 06 2C EE EA 07 00 BC
[23:18:14.634] PARAM_ENTRY (Discovery) | EA 30 2B EA EE 07 00 06 09 4D 61 78 20 50 6F 77 65 72 00 32 35 3B 35 30 3B 31 30 30 3B 32 35 30 3B 35 30 30 3B 31 30 30 30 00 00 00 05 00 6D 57 00 4F
      <--- INFO: Definicja parametru (Discovery)
[23:18:14.714] PARAM_READ           | EE 06 2C EE EA 08 00 D5
[23:18:14.734] PARAM_ENTRY (Discovery) | EA 34 2B EA EE 08 00 06 09 44 79 6E 61 6D 69 63 00 4F 66 66 3B 44 79 6E 3B 41 55 58 39 3B 41 55 58 31 30 3B 41 55 58 31 31 3B 41 55 58 31 32 00 00 00 05 00 00 01
      <--- INFO: Definicja parametru (Discovery)
[23:18:14.814] ELRS_STATUS          | EA 0D 3A EA EE 10 00 01 86 A0 00 00 00 7C A4
[23:18:14.814] PARAM_READ           | EE 06 2C EE EA 09 00 DE
[23:18:14.834] PARAM_ENTRY (Discovery) | EA 3E 2B EA EE 09 01 06 09 46 61 6E 20 54 68 72 65 73 68 00 31 30 6D 57 3B 32 35 6D 57 3B 35 30 6D 57 3B 31 30 30 6D 57 3B 32 35 30 6D 57 3B 35 30 30 6D 57 3B 31 30 30 30 6D 57 3B 32 30 30 B6
      <--- INFO: Definicja parametru (Discovery)
[23:18:14.914] PARAM_READ           | EE 06 2C EE EA 09 01 0B
[23:18:14.942] PARAM_ENTRY (Discovery) | EA 15 2B EA EE 09 00 30 6D 57 3B 4E 65 76 65 72 00 05 00 08 00 00 B8
      <--- INFO: Definicja parametru (Discovery)
[23:18:15.003] ELRS_STATUS          | EA 0D 3A EA EE 10 00 01 86 A0 00 00 00 E2 B1
[23:18:15.033] PARAM_READ           | EE 06 2C EE EA 0A 00 C3
[23:18:15.033] PARAM_ENTRY (Discovery) | EA 20 2B EA EE 0A 00 00 0B 56 54 58 20 41 64 6D 69 6E 69 73 74 72 61 74 6F 72 00 0B 0C 0D 0E 0F FF 62
      <--- INFO: Definicja parametru (Discovery)
[23:18:15.113] PARAM_READ           | EE 06 2C EE EA 0B 00 C8
[23:18:15.142] PARAM_ENTRY (Discovery) | EA 22 2B EA EE 0B 00 0A 09 42 61 6E 64 00 4F 66 66 3B 41 3B 42 3B 45 3B 46 3B 52 3B 4C 00 00 00 06 00 00 4B
      <--- INFO: Definicja parametru (Discovery)
[23:18:15.203] ELRS_STATUS          | EA 0D 3A EA EE 10 00 01 86 A0 00 00 00 B2 7E
[23:18:15.219] PARAM_READ           | EE 06 2C EE EA 0C 00 F9
[23:18:15.219] PARAM_ENTRY (Discovery) | EA 15 2B EA EE 0C 00 0A 00 43 68 61 6E 6E 65 6C 00 01 01 08 00 00 FB
      <--- INFO: Definicja parametru (Discovery)
[23:18:15.315] PARAM_READ           | EE 06 2C EE EA 0D 00 F2
[23:18:15.334] PARAM_ENTRY (Discovery) | EA 27 2B EA EE 0D 00 0A 09 50 77 72 20 4C 76 6C 00 2D 3B 31 3B 32 3B 33 3B 34 3B 35 3B 36 3B 37 3B 38 00 00 00 08 00 00 C1
      <--- INFO: Definicja parametru (Discovery)
[23:18:15.412] ELRS_STATUS          | EA 0D 3A EA EE 10 00 01 86 A0 00 00 00 9E 0D
[23:18:15.412] PARAM_READ           | EE 06 2C EE EA 0E 00 EF
[23:18:15.434] PARAM_ENTRY (Discovery) | EA 3E 2B EA EE 0E 02 0A 89 50 69 74 6D 6F 64 65 00 4F 66 66 3B 4F 6E 3B 41 55 58 31 C0 3B 41 55 58 31 C1 3B 41 55 58 32 C0 3B 41 55 58 32 C1 3B 41 55 58 33 C0 3B 41 55 58 33 C1 3B 41 55 58 F1
      <--- INFO: Definicja parametru (Discovery)
[23:18:15.514] PARAM_READ           | EE 06 2C EE EA 0E 01 3A
[23:18:15.534] PARAM_ENTRY (Discovery) | EA 3E 2B EA EE 0E 01 34 C0 3B 41 55 58 34 C1 3B 41 55 58 35 C0 3B 41 55 58 35 C1 3B 41 55 58 36 C0 3B 41 55 58 36 C1 3B 41 55 58 37 C0 3B 41 55 58 37 C1 3B 41 55 58 38 C0 3B 41 55 58 38 C1 00
      <--- INFO: Definicja parametru (Discovery)
[23:18:15.612] ELRS_STATUS          | EA 0D 3A EA EE 10 00 01 86 A0 00 00 00 58 FE
[23:18:15.612] PARAM_READ           | EE 06 2C EE EA 0E 02 90
[23:18:15.634] PARAM_ENTRY (Discovery) | EA 26 2B EA EE 0E 00 3B 41 55 58 39 C0 3B 41 55 58 39 C1 3B 41 55 58 31 30 C0 3B 41 55 58 31 30 C1 00 00 00 15 00 00 97
      <--- INFO: Definicja parametru (Discovery)
[23:18:15.714] PARAM_READ           | EE 06 2C EE EA 0F 00 E4
[23:18:15.742] PARAM_ENTRY (Discovery) | EA 14 2B EA EE 0F 00 0A 0D 53 65 6E 64 20 56 54 78 00 00 C8 00 01
      <--- INFO: Definicja parametru (Discovery)
[23:18:15.803] ELRS_STATUS          | EA 0D 3A EA EE 10 00 01 86 A0 00 00 00 B7 55
[23:18:15.833] PARAM_READ           | EE 06 2C EE EA 10 00 3D
[23:18:15.833] PARAM_ENTRY (Discovery) | EA 1F 2B EA EE 10 00 00 0B 57 69 46 69 20 43 6F 6E 6E 65 63 74 69 76 69 74 79 00 11 12 13 14 FF 05
      <--- INFO: Definicja parametru (Discovery)
[23:18:15.913] PARAM_READ           | EE 06 2C EE EA 11 00 36
[23:18:15.942] PARAM_ENTRY (Discovery) | EA 17 2B EA EE 11 00 10 0D 45 6E 61 62 6C 65 20 57 69 46 69 00 00 C8 00 92
      <--- INFO: Definicja parametru (Discovery)
[23:18:16.003] ELRS_STATUS          | EA 0D 3A EA EE 10 00 01 86 A0 00 00 00 C9 96
[23:18:16.035] PARAM_READ           | EE 06 2C EE EA 12 00 2B
[23:18:16.035] PARAM_ENTRY (Discovery) | EA 1A 2B EA EE 12 00 10 0D 45 6E 61 62 6C 65 20 52 78 20 57 69 46 69 00 00 C8 00 43
      <--- INFO: Definicja parametru (Discovery)
[23:18:16.115] PARAM_READ           | EE 06 2C EE EA 13 00 20
[23:18:16.142] PARAM_ENTRY (Discovery) | EA 20 2B EA EE 13 00 10 0D 45 6E 61 62 6C 65 20 42 61 63 6B 70 61 63 6B 20 57 69 46 69 00 00 C8 00 4B
      <--- INFO: Definicja parametru (Discovery)
[23:18:16.203] ELRS_STATUS          | EA 0D 3A EA EE 10 00 01 86 A0 00 00 00 F4 62
[23:18:16.235] PARAM_READ           | EE 06 2C EE EA 14 00 11
[23:18:16.235] PARAM_ENTRY (Discovery) | EA 1B 2B EA EE 14 00 10 0D 45 6E 61 62 6C 65 20 56 52 78 20 57 69 46 69 00 00 C8 00 EC
      <--- INFO: Definicja parametru (Discovery)
[23:18:16.315] PARAM_READ           | EE 06 2C EE EA 15 00 1A
[23:18:16.342] PARAM_ENTRY (Discovery) | EA 19 2B EA EE 15 00 00 0B 42 61 63 6B 70 61 63 6B 00 16 17 18 19 1A 1B 1C FF EE
      <--- INFO: Definicja parametru (Discovery)
[23:18:16.403] ELRS_STATUS          | EA 0D 3A EA EE 10 00 01 86 A0 FF FF FF AB 08
[23:18:16.449] PARAM_READ           | EE 06 2C EE EA 16 00 07
[23:18:16.449] PARAM_ENTRY (Discovery) | EA 3E 2B EA EE 16 02 15 09 44 56 52 20 52 65 63 00 4F 66 66 3B 41 55 58 31 C0 3B 41 55 58 31 C1 3B 41 55 58 32 C0 3B 41 55 58 32 C1 3B 41 55 58 33 C0 3B 41 55 58 33 C1 3B 41 55 58 34 C0 3B AD
      <--- INFO: Definicja parametru (Discovery)
[23:18:16.513] PARAM_READ           | EE 06 2C EE EA 16 01 D2
[23:18:16.534] PARAM_ENTRY (Discovery) | EA 3E 2B EA EE 16 01 41 55 58 34 C1 3B 41 55 58 35 C0 3B 41 55 58 35 C1 3B 41 55 58 36 C0 3B 41 55 58 36 C1 3B 41 55 58 37 C0 3B 41 55 58 37 C1 3B 41 55 58 38 C0 3B 41 55 58 38 C1 3B 41 55 BA
      <--- INFO: Definicja parametru (Discovery)
[23:18:16.612] ELRS_STATUS          | EA 0D 3A EA EE 10 00 01 86 A0 00 00 01 55 F7
[23:18:16.612] PARAM_READ           | EE 06 2C EE EA 16 02 78
[23:18:16.642] PARAM_ENTRY (Discovery) | EA 23 2B EA EE 16 00 58 39 C0 3B 41 55 58 39 C1 3B 41 55 58 31 30 C0 3B 41 55 58 31 30 C1 00 00 00 14 00 00 20
      <--- INFO: Definicja parametru (Discovery)
[23:18:16.733] PARAM_READ           | EE 06 2C EE EA 17 00 0C
[23:18:16.733] PARAM_ENTRY (Discovery) | EA 35 2B EA EE 17 00 15 09 44 56 52 20 53 72 74 20 44 6C 79 00 30 73 3B 35 73 3B 31 35 73 3B 33 30 73 3B 34 35 73 3B 31 6D 69 6E 3B 32 6D 69 6E 00 00 00 06 00 00 A2
      <--- INFO: Definicja parametru (Discovery)
[23:18:16.812] ELRS_STATUS          | EA 0D 3A EA EE 10 00 01 86 A0 00 00 00 A8 7A
[23:18:16.812] PARAM_READ           | EE 06 2C EE EA 18 00 65
[23:18:16.834] PARAM_ENTRY (Discovery) | EA 35 2B EA EE 18 00 15 09 44 56 52 20 53 74 70 20 44 6C 79 00 30 73 3B 35 73 3B 31 35 73 3B 33 30 73 3B 34 35 73 3B 31 6D 69 6E 3B 32 6D 69 6E 00 00 00 06 00 00 D8
      <--- INFO: Definicja parametru (Discovery)
[23:18:16.914] PARAM_READ           | EE 06 2C EE EA 19 00 6E
[23:18:16.934] PARAM_ENTRY (Discovery) | EA 3E 2B EA EE 19 02 15 09 48 54 20 45 6E 61 62 6C 65 00 4F 66 66 3B 4F 6E 3B 41 55 58 31 C0 3B 41 55 58 31 C1 3B 41 55 58 32 C0 3B 41 55 58 32 C1 3B 41 55 58 33 C0 3B 41 55 58 33 C1 3B 41 96
      <--- INFO: Definicja parametru (Discovery)
[23:18:17.012] ELRS_STATUS          | EA 0D 3A EA EE 10 00 01 86 A0 00 00 00 47 D1
[23:18:17.012] PARAM_READ           | EE 06 2C EE EA 19 01 BB
[23:18:17.034] PARAM_ENTRY (Discovery) | EA 3E 2B EA EE 19 01 55 58 34 C0 3B 41 55 58 34 C1 3B 41 55 58 35 C0 3B 41 55 58 35 C1 3B 41 55 58 36 C0 3B 41 55 58 36 C1 3B 41 55 58 37 C0 3B 41 55 58 37 C1 3B 41 55 58 38 C0 3B 41 55 58 EA
      <--- INFO: Definicja parametru (Discovery)
[23:18:17.114] PARAM_READ           | EE 06 2C EE EA 19 02 11
[23:18:17.134] PARAM_ENTRY (Discovery) | EA 28 2B EA EE 19 00 38 C1 3B 41 55 58 39 C0 3B 41 55 58 39 C1 3B 41 55 58 31 30 C0 3B 41 55 58 31 30 C1 00 00 00 15 00 00 D6
      <--- INFO: Definicja parametru (Discovery)
[23:18:17.212] ELRS_STATUS          | EA 0D 3A EA EE 10 00 01 86 A0 00 00 00 B6 80
[23:18:17.212] PARAM_READ           | EE 06 2C EE EA 1A 00 73
[23:18:17.234] PARAM_ENTRY (Discovery) | EA 3E 2B EA EE 1A 01 15 09 48 54 20 53 74 61 72 74 20 43 68 61 6E 6E 65 6C 00 41 55 58 31 3B 41 55 58 32 3B 41 55 58 33 3B 41 55 58 34 3B 41 55 58 35 3B 41 55 58 36 3B 41 55 58 37 3B 41 55 54
      <--- INFO: Definicja parametru (Discovery)
[23:18:17.314] PARAM_READ           | EE 06 2C EE EA 1A 01 A6
[23:18:17.342] PARAM_ENTRY (Discovery) | EA 19 2B EA EE 1A 00 58 38 3B 41 55 58 39 3B 41 55 58 31 30 00 00 00 09 00 00 98
      <--- INFO: Definicja parametru (Discovery)
[23:18:17.403] ELRS_STATUS          | EA 0D 3A EA EE 10 00 01 86 A0 00 00 00 8C 20
[23:18:17.433] PARAM_READ           | EE 06 2C EE EA 1B 00 78
[23:18:17.433] PARAM_ENTRY (Discovery) | EA 27 2B EA EE 1B 00 15 09 54 65 6C 65 6D 65 74 72 79 00 4F 66 66 3B 45 53 50 4E 4F 57 3B 57 69 46 69 00 00 00 02 00 00 FC
      <--- INFO: Definicja parametru (Discovery)
[23:18:17.513] PARAM_READ           | EE 06 2C EE EA 1C 00 49
[23:18:17.542] PARAM_ENTRY (Discovery) | EA 11 2B EA EE 1C 00 15 0C 56 65 72 73 69 6F 6E 00 00 3D
      <--- INFO: Definicja parametru (Discovery)
[23:18:17.603] ELRS_STATUS          | EA 0D 3A EA EE 10 00 01 86 A0 00 00 00 D4 C6
[23:18:17.619] PARAM_READ           | EE 06 2C EE EA 1D 00 42
[23:18:17.619] PARAM_ENTRY (Discovery) | EA 18 2B EA EE 1D 00 00 0D 42 4C 45 20 4A 6F 79 73 74 69 63 6B 00 00 C8 00 50
      <--- INFO: Definicja parametru (Discovery)
[23:18:17.715] PARAM_READ           | EE 06 2C EE EA 1E 00 5F
[23:18:17.742] PARAM_ENTRY (Discovery) | EA 10 2B EA EE 1E 00 00 0D 42 69 6E 64 00 00 C8 00 E5
      <--- INFO: Definicja parametru (Discovery)
[23:18:17.803] ELRS_STATUS          | EA 0D 3A EA EE 10 00 01 86 A0 00 00 00 F5 B7
[23:18:17.819] PARAM_READ           | EE 06 2C EE EA 1F 00 54
[23:18:17.819] PARAM_ENTRY (Discovery) | EA 17 2B EA EE 1F 00 00 0C 42 61 64 2F 47 6F 6F 64 00 30 2F 31 30 31 00 C8
      <--- INFO: Definicja parametru (Discovery)
[23:18:17.995] ELRS_STATUS          | EA 0D 3A EA EE 10 00 01 86 A0 FF FF FF 90 7D
[23:18:18.203] ELRS_STATUS          | EA 0D 3A EA EE 10 00 01 86 A0 00 00 01 43 24
[23:18:18.395] ELRS_STATUS          | EA 0D 3A EA EE 10 00 01 86 A0 00 00 00 E9 32
[23:18:18.603] ELRS_STATUS          | EA 0D 3A EA EE 10 00 01 86 A0 00 00 00 46 04
[23:18:18.795] ELRS_STATUS          | EA 0D 3A EA EE 10 00 01 86 A0 00 00 00 AF 2E
[23:18:19.003] ELRS_STATUS          | EA 0D 3A EA EE 10 00 01 86 A0 00 00 00 95 8E
[23:18:19.195] ELRS_STATUS          | EA 0D 3A EA EE 10 00 01 86 A0 00 00 00 99 59
[23:18:19.403] ELRS_STATUS          | EA 0D 3A EA EE 10 00 01 86 A0 00 00 00 99 59
[23:18:19.547] PARAM_WRITE          | EE 06 2D EE EA 01 00 30
      ---> ZAPIS: Parametr ID   1 | Nowa Wartość:   0
[23:18:19.595] ELRS_STATUS          | EA 0D 3A EA EE 10 00 01 86 A0 00 00 02 2A FC
[23:18:19.625] ELRS_STATUS          | EA 0D 3A EA EE 10 00 03 0D 40 FF FF FC 18 2B
[23:18:19.833] ELRS_STATUS          | EA 0D 3A EA EE 10 00 03 0D 40 00 00 02 DA F5
[23:18:20.041] ELRS_STATUS          | EA 0D 3A EA EE 10 00 03 0D 40 FF FF FF F6 48
[23:18:20.233] ELRS_STATUS          | EA 0D 3A EA EE 10 00 03 0D 40 00 00 01 68 8E
[23:18:20.441] ELRS_STATUS          | EA 0D 3A EA EE 10 00 03 0D 40 FF FF FF D8 44
[23:18:20.633] ELRS_STATUS          | EA 0D 3A EA EE 10 00 03 0D 40 00 00 01 68 8E
[23:18:20.841] ELRS_STATUS          | EA 0D 3A EA EE 10 00 03 0D 40 00 00 00 0A C3
[23:18:21.033] ELRS_STATUS          | EA 0D 3A EA EE 10 00 03 0D 40 00 00 01 0E 36
[23:18:21.241] ELRS_STATUS          | EA 0D 3A EA EE 10 00 03 0D 40 FF FF FF F6 48
[23:18:21.433] ELRS_STATUS          | EA 0D 3A EA EE 10 00 03 0D 40 00 00 01 68 8E
[23:18:21.577] PARAM_READ           | EE 06 2C EE EA 01 00 86
[23:18:21.604] PARAM_ENTRY (Discovery) | EA 3E 2B EA EE 01 02 00 09 50 61 63 6B 65 74 20 52 61 74 65 00 35 30 48 7A 28 2D 31 31 35 64 42 6D 29 3B 31 30 30 48 7A 20 46 75 6C 6C 28 2D 31 31 32 64 42 6D 29 3B 31 35 30 48 7A 28 2D 31 FC
      <--- INFO: Definicja parametru (Discovery)
[23:18:21.636] ELRS_STATUS          | EA 0D 3A EA EE 10 00 03 0D 40 FF FF FD E4 73
[23:18:21.668] PARAM_READ           | EE 06 2C EE EA 01 01 53
[23:18:21.704] PARAM_ENTRY (Discovery) | EA 3E 2B EA EE 01 01 31 32 64 42 6D 29 3B 32 35 30 48 7A 28 2D 31 30 38 64 42 6D 29 3B 33 33 33 48 7A 20 46 75 6C 6C 28 2D 31 30 35 64 42 6D 29 3B 35 30 30 48 7A 28 2D 31 30 35 64 42 6D 29 94
      <--- INFO: Definicja parametru (Discovery)
[23:18:21.768] PARAM_READ           | EE 06 2C EE EA 01 02 F9
[23:18:21.804] PARAM_ENTRY (Discovery) | EA 36 2B EA EE 01 00 3B 44 32 35 30 28 2D 31 30 34 64 42 6D 29 3B 44 35 30 30 28 2D 31 30 34 64 42 6D 29 3B 46 35 30 30 28 2D 31 30 34 64 42 6D 29 00 00 00 08 00 00 0E
      <--- INFO: Definicja parametru (Discovery)
[23:18:21.836] ELRS_STATUS          | EA 0D 3A EA EE 10 00 03 0D 40 00 00 00 32 1C
[23:18:21.868] PARAM_READ           | EE 06 2C EE EA 02 00 9B
[23:18:21.903] PARAM_ENTRY (Discovery) | EA 3E 2B EA EE 02 01 00 09 54 65 6C 65 6D 20 52 61 74 69 6F 00 53 74 64 3B 4F 66 66 3B 31 3A 31 32 38 3B 31 3A 36 34 3B 31 3A 33 32 3B 31 3A 31 36 3B 31 3A 38 3B 31 3A 34 3B 31 3A 32 3B 52 B8
      <--- INFO: Definicja parametru (Discovery)
[23:18:21.967] PARAM_READ           | EE 06 2C EE EA 02 01 4E
[23:18:21.999] PARAM_ENTRY (Discovery) | EA 16 2B EA EE 02 00 61 63 65 00 02 00 09 00 20 28 37 62 70 73 29 00 65
      <--- INFO: Definicja parametru (Discovery)
[23:18:22.031] ELRS_STATUS          | EA 0D 3A EA EE 10 00 03 0D 40 00 00 01 0E 36
[23:18:22.079] PARAM_READ           | EE 06 2C EE EA 03 00 90
[23:18:22.104] PARAM_ENTRY (Discovery) | EA 25 2B EA EE 03 00 00 09 53 77 69 74 63 68 20 4D 6F 64 65 00 57 69 64 65 3B 48 79 62 72 69 64 00 01 00 01 00 00 35
      <--- INFO: Definicja parametru (Discovery)
[23:18:22.168] PARAM_READ           | EE 06 2C EE EA 04 00 A1
[23:18:22.206] PARAM_ENTRY (Discovery) | EA 26 2B EA EE 04 00 00 09 4C 69 6E 6B 20 4D 6F 64 65 00 4E 6F 72 6D 61 6C 3B 4D 41 56 4C 69 6E 6B 00 00 00 01 00 00 06
      <--- INFO: Definicja parametru (Discovery)
[23:18:22.235] ELRS_STATUS          | EA 0D 3A EA EE 10 00 03 0D 40 00 00 00 F0 11
[23:18:22.267] PARAM_READ           | EE 06 2C EE EA 05 00 AA
[23:18:22.303] PARAM_ENTRY (Discovery) | EA 28 2B EA EE 05 00 00 09 4D 6F 64 65 6C 20 4D 61 74 63 68 00 4F 66 66 3B 4F 6E 00 00 00 01 00 20 28 49 44 3A 20 30 29 00 D2
      <--- INFO: Definicja parametru (Discovery)
[23:18:22.367] PARAM_READ           | EE 06 2C EE EA 06 00 B7
[23:18:22.399] PARAM_ENTRY (Discovery) | EA 1C 2B EA EE 06 00 00 0B 54 58 20 50 6F 77 65 72 20 28 32 35 6D 57 29 00 07 08 09 FF B8
      <--- INFO: Definicja parametru (Discovery)
[23:18:22.431] ELRS_STATUS          | EA 0D 3A EA EE 10 00 03 0D 40 00 00 00 AA 88
[23:18:22.479] PARAM_READ           | EE 06 2C EE EA 07 00 BC
[23:18:22.504] PARAM_ENTRY (Discovery) | EA 30 2B EA EE 07 00 06 09 4D 61 78 20 50 6F 77 65 72 00 32 35 3B 35 30 3B 31 30 30 3B 32 35 30 3B 35 30 30 3B 31 30 30 30 00 00 00 05 00 6D 57 00 4F
      <--- INFO: Definicja parametru (Discovery)
[23:18:22.568] PARAM_READ           | EE 06 2C EE EA 08 00 D5
[23:18:22.603] PARAM_ENTRY (Discovery) | EA 34 2B EA EE 08 00 06 09 44 79 6E 61 6D 69 63 00 4F 66 66 3B 44 79 6E 3B 41 55 58 39 3B 41 55 58 31 30 3B 41 55 58 31 31 3B 41 55 58 31 32 00 00 00 05 00 00 01
      <--- INFO: Definicja parametru (Discovery)
[23:18:22.635] ELRS_STATUS          | EA 0D 3A EA EE 10 00 03 0D 40 00 00 00 1E 6F
[23:18:22.667] PARAM_READ           | EE 06 2C EE EA 09 00 DE
[23:18:22.703] PARAM_ENTRY (Discovery) | EA 3E 2B EA EE 09 01 06 09 46 61 6E 20 54 68 72 65 73 68 00 31 30 6D 57 3B 32 35 6D 57 3B 35 30 6D 57 3B 31 30 30 6D 57 3B 32 35 30 6D 57 3B 35 30 30 6D 57 3B 31 30 30 30 6D 57 3B 32 30 30 B6
      <--- INFO: Definicja parametru (Discovery)
[23:18:22.767] PARAM_READ           | EE 06 2C EE EA 09 01 0B
[23:18:22.799] PARAM_ENTRY (Discovery) | EA 15 2B EA EE 09 00 30 6D 57 3B 4E 65 76 65 72 00 05 00 08 00 00 B8
      <--- INFO: Definicja parametru (Discovery)
[23:18:22.831] ELRS_STATUS          | EA 0D 3A EA EE 10 00 03 0D 40 00 00 01 5E F9
[23:18:22.879] PARAM_READ           | EE 06 2C EE EA 0A 00 C3
[23:18:22.895] PARAM_ENTRY (Discovery) | EA 20 2B EA EE 0A 00 00 0B 56 54 58 20 41 64 6D 69 6E 69 73 74 72 61 74 6F 72 00 0B 0C 0D 0E 0F FF 62
      <--- INFO: Definicja parametru (Discovery)
[23:18:22.975] PARAM_READ           | EE 06 2C EE EA 0B 00 C8
[23:18:23.007] PARAM_ENTRY (Discovery) | EA 22 2B EA EE 0B 00 0A 09 42 61 6E 64 00 4F 66 66 3B 41 3B 42 3B 45 3B 46 3B 52 3B 4C 00 00 00 06 00 00 4B
      <--- INFO: Definicja parametru (Discovery)
[23:18:23.039] ELRS_STATUS          | EA 0D 3A EA EE 10 00 03 0D 40 00 00 00 50 5A
[23:18:23.071] PARAM_READ           | EE 06 2C EE EA 0C 00 F9
[23:18:23.103] PARAM_ENTRY (Discovery) | EA 15 2B EA EE 0C 00 0A 00 43 68 61 6E 6E 65 6C 00 01 01 08 00 00 FB
      <--- INFO: Definicja parametru (Discovery)
[23:18:23.167] PARAM_READ           | EE 06 2C EE EA 0D 00 F2
[23:18:23.203] PARAM_ENTRY (Discovery) | EA 27 2B EA EE 0D 00 0A 09 50 77 72 20 4C 76 6C 00 2D 3B 31 3B 32 3B 33 3B 34 3B 35 3B 36 3B 37 3B 38 00 00 00 08 00 00 C1
      <--- INFO: Definicja parametru (Discovery)
[23:18:23.235] ELRS_STATUS          | EA 0D 3A EA EE 10 00 03 0D 40 00 00 00 82 05
[23:18:23.267] PARAM_READ           | EE 06 2C EE EA 0E 00 EF
[23:18:23.303] PARAM_ENTRY (Discovery) | EA 3E 2B EA EE 0E 02 0A 89 50 69 74 6D 6F 64 65 00 4F 66 66 3B 4F 6E 3B 41 55 58 31 C0 3B 41 55 58 31 C1 3B 41 55 58 32 C0 3B 41 55 58 32 C1 3B 41 55 58 33 C0 3B 41 55 58 33 C1 3B 41 55 58 F1
      <--- INFO: Definicja parametru (Discovery)
[23:18:23.367] PARAM_READ           | EE 06 2C EE EA 0E 01 3A
[23:18:23.403] PARAM_ENTRY (Discovery) | EA 3E 2B EA EE 0E 01 34 C0 3B 41 55 58 34 C1 3B 41 55 58 35 C0 3B 41 55 58 35 C1 3B 41 55 58 36 C0 3B 41 55 58 36 C1 3B 41 55 58 37 C0 3B 41 55 58 37 C1 3B 41 55 58 38 C0 3B 41 55 58 38 C1 00
      <--- INFO: Definicja parametru (Discovery)
[23:18:23.435] ELRS_STATUS          | EA 0D 3A EA EE 10 00 03 0D 40 00 00 00 5A 0C
[23:18:23.467] PARAM_READ           | EE 06 2C EE EA 0E 02 90
[23:18:23.503] PARAM_ENTRY (Discovery) | EA 26 2B EA EE 0E 00 3B 41 55 58 39 C0 3B 41 55 58 39 C1 3B 41 55 58 31 30 C0 3B 41 55 58 31 30 C1 00 00 00 15 00 00 97
      <--- INFO: Definicja parametru (Discovery)
[23:18:23.567] PARAM_READ           | EE 06 2C EE EA 0F 00 E4
[23:18:23.599] PARAM_ENTRY (Discovery) | EA 14 2B EA EE 0F 00 0A 0D 53 65 6E 64 20 56 54 78 00 00 C8 00 01
      <--- INFO: Definicja parametru (Discovery)
[23:18:23.631] ELRS_STATUS          | EA 0D 3A EA EE 10 00 03 0D 40 00 00 00 1E 6F
[23:18:23.679] PARAM_READ           | EE 06 2C EE EA 10 00 3D
[23:18:23.695] PARAM_ENTRY (Discovery) | EA 1F 2B EA EE 10 00 00 0B 57 69 46 69 20 43 6F 6E 6E 65 63 74 69 76 69 74 79 00 11 12 13 14 FF 05
      <--- INFO: Definicja parametru (Discovery)
[23:18:23.775] PARAM_READ           | EE 06 2C EE EA 11 00 36
[23:18:23.793] PARAM_ENTRY (Discovery) | EA 17 2B EA EE 11 00 10 0D 45 6E 61 62 6C 65 20 57 69 46 69 00 00 C8 00 92
      <--- INFO: Definicja parametru (Discovery)
[23:18:23.839] ELRS_STATUS          | EA 0D 3A EA EE 10 00 03 0D 40 00 00 01 54 AF
[23:18:23.871] PARAM_READ           | EE 06 2C EE EA 12 00 2B
[23:18:23.903] PARAM_ENTRY (Discovery) | EA 1A 2B EA EE 12 00 10 0D 45 6E 61 62 6C 65 20 52 78 20 57 69 46 69 00 00 C8 00 43
      <--- INFO: Definicja parametru (Discovery)
[23:18:23.967] PARAM_READ           | EE 06 2C EE EA 13 00 20
[23:18:23.999] PARAM_ENTRY (Discovery) | EA 20 2B EA EE 13 00 10 0D 45 6E 61 62 6C 65 20 42 61 63 6B 70 61 63 6B 20 57 69 46 69 00 00 C8 00 4B
      <--- INFO: Definicja parametru (Discovery)
[23:18:24.031] ELRS_STATUS          | EA 0D 3A EA EE 10 00 03 0D 40 00 00 00 82 05
[23:18:24.079] PARAM_READ           | EE 06 2C EE EA 14 00 11
[23:18:24.095] PARAM_ENTRY (Discovery) | EA 1B 2B EA EE 14 00 10 0D 45 6E 61 62 6C 65 20 56 52 78 20 57 69 46 69 00 00 C8 00 EC
      <--- INFO: Definicja parametru (Discovery)
[23:18:24.175] PARAM_READ           | EE 06 2C EE EA 15 00 1A
[23:18:24.191] PARAM_ENTRY (Discovery) | EA 19 2B EA EE 15 00 00 0B 42 61 63 6B 70 61 63 6B 00 16 17 18 19 1A 1B 1C FF EE
      <--- INFO: Definicja parametru (Discovery)
[23:18:24.239] ELRS_STATUS          | EA 0D 3A EA EE 10 00 03 0D 40 00 00 00 64 52
[23:18:24.271] PARAM_READ           | EE 06 2C EE EA 16 00 07
[23:18:24.303] PARAM_ENTRY (Discovery) | EA 3E 2B EA EE 16 02 15 09 44 56 52 20 52 65 63 00 4F 66 66 3B 41 55 58 31 C0 3B 41 55 58 31 C1 3B 41 55 58 32 C0 3B 41 55 58 32 C1 3B 41 55 58 33 C0 3B 41 55 58 33 C1 3B 41 55 58 34 C0 3B AD
      <--- INFO: Definicja parametru (Discovery)
[23:18:24.367] PARAM_READ           | EE 06 2C EE EA 16 01 D2
[23:18:24.403] PARAM_ENTRY (Discovery) | EA 3E 2B EA EE 16 01 41 55 58 34 C1 3B 41 55 58 35 C0 3B 41 55 58 35 C1 3B 41 55 58 36 C0 3B 41 55 58 36 C1 3B 41 55 58 37 C0 3B 41 55 58 37 C1 3B 41 55 58 38 C0 3B 41 55 58 38 C1 3B 41 55 BA
      <--- INFO: Definicja parametru (Discovery)
[23:18:24.435] ELRS_STATUS          | EA 0D 3A EA EE 10 00 03 0D 40 00 00 01 54 AF
[23:18:24.467] PARAM_READ           | EE 06 2C EE EA 16 02 78
[23:18:24.516] PARAM_ENTRY (Discovery) | EA 23 2B EA EE 16 00 58 39 C0 3B 41 55 58 39 C1 3B 41 55 58 31 30 C0 3B 41 55 58 31 30 C1 00 00 00 14 00 00 20
      <--- INFO: Definicja parametru (Discovery)
[23:18:24.579] PARAM_READ           | EE 06 2C EE EA 17 00 0C
[23:18:24.604] PARAM_ENTRY (Discovery) | EA 35 2B EA EE 17 00 15 09 44 56 52 20 53 72 74 20 44 6C 79 00 30 73 3B 35 73 3B 31 35 73 3B 33 30 73 3B 34 35 73 3B 31 6D 69 6E 3B 32 6D 69 6E 00 00 00 06 00 00 A2
      <--- INFO: Definicja parametru (Discovery)
[23:18:24.635] ELRS_STATUS          | EA 0D 3A EA EE 10 00 03 0D 40 00 00 00 5A 0C
[23:18:24.667] PARAM_READ           | EE 06 2C EE EA 18 00 65
[23:18:24.704] PARAM_ENTRY (Discovery) | EA 35 2B EA EE 18 00 15 09 44 56 52 20 53 74 70 20 44 6C 79 00 30 73 3B 35 73 3B 31 35 73 3B 33 30 73 3B 34 35 73 3B 31 6D 69 6E 3B 32 6D 69 6E 00 00 00 06 00 00 D8
      <--- INFO: Definicja parametru (Discovery)
[23:18:24.767] PARAM_READ           | EE 06 2C EE EA 19 00 6E
[23:18:24.804] PARAM_ENTRY (Discovery) | EA 3E 2B EA EE 19 02 15 09 48 54 20 45 6E 61 62 6C 65 00 4F 66 66 3B 4F 6E 3B 41 55 58 31 C0 3B 41 55 58 31 C1 3B 41 55 58 32 C0 3B 41 55 58 32 C1 3B 41 55 58 33 C0 3B 41 55 58 33 C1 3B 41 96
      <--- INFO: Definicja parametru (Discovery)
[23:18:24.835] ELRS_STATUS          | EA 0D 3A EA EE 10 00 03 0D 40 00 00 00 46 89
[23:18:24.867] PARAM_READ           | EE 06 2C EE EA 19 01 BB
[23:18:24.904] PARAM_ENTRY (Discovery) | EA 3E 2B EA EE 19 01 55 58 34 C0 3B 41 55 58 34 C1 3B 41 55 58 35 C0 3B 41 55 58 35 C1 3B 41 55 58 36 C0 3B 41 55 58 36 C1 3B 41 55 58 37 C0 3B 41 55 58 37 C1 3B 41 55 58 38 C0 3B 41 55 58 EA
      <--- INFO: Definicja parametru (Discovery)
[23:18:24.967] PARAM_READ           | EE 06 2C EE EA 19 02 11
[23:18:25.003] PARAM_ENTRY (Discovery) | EA 28 2B EA EE 19 00 38 C1 3B 41 55 58 39 C0 3B 41 55 58 39 C1 3B 41 55 58 31 30 C0 3B 41 55 58 31 30 C1 00 00 00 15 00 00 D6
      <--- INFO: Definicja parametru (Discovery)
[23:18:25.035] ELRS_STATUS          | EA 0D 3A EA EE 10 00 03 0D 40 00 00 01 2C ED
[23:18:25.067] PARAM_READ           | EE 06 2C EE EA 1A 00 73
[23:18:25.104] PARAM_ENTRY (Discovery) | EA 3E 2B EA EE 1A 01 15 09 48 54 20 53 74 61 72 74 20 43 68 61 6E 6E 65 6C 00 41 55 58 31 3B 41 55 58 32 3B 41 55 58 33 3B 41 55 58 34 3B 41 55 58 35 3B 41 55 58 36 3B 41 55 58 37 3B 41 55 54
      <--- INFO: Definicja parametru (Discovery)
[23:18:25.167] PARAM_READ           | EE 06 2C EE EA 1A 01 A6
[23:18:25.200] PARAM_ENTRY (Discovery) | EA 19 2B EA EE 1A 00 58 38 3B 41 55 58 39 3B 41 55 58 31 30 00 00 00 09 00 00 98
      <--- INFO: Definicja parametru (Discovery)
[23:18:25.231] ELRS_STATUS          | EA 0D 3A EA EE 10 00 03 0D 40 00 00 00 46 89
[23:18:25.279] PARAM_READ           | EE 06 2C EE EA 1B 00 78
[23:18:25.303] PARAM_ENTRY (Discovery) | EA 27 2B EA EE 1B 00 15 09 54 65 6C 65 6D 65 74 72 79 00 4F 66 66 3B 45 53 50 4E 4F 57 3B 57 69 46 69 00 00 00 02 00 00 FC
      <--- INFO: Definicja parametru (Discovery)
[23:18:25.370] PARAM_READ           | EE 06 2C EE EA 1C 00 49
[23:18:25.400] PARAM_ENTRY (Discovery) | EA 11 2B EA EE 1C 00 15 0C 56 65 72 73 69 6F 6E 00 00 3D
      <--- INFO: Definicja parametru (Discovery)
[23:18:25.431] ELRS_STATUS          | EA 0D 3A EA EE 10 00 03 0D 40 00 00 00 8C AD
[23:18:25.479] PARAM_READ           | EE 06 2C EE EA 1D 00 42
[23:18:25.496] PARAM_ENTRY (Discovery) | EA 18 2B EA EE 1D 00 00 0D 42 4C 45 20 4A 6F 79 73 74 69 63 6B 00 00 C8 00 50
      <--- INFO: Definicja parametru (Discovery)
[23:18:25.575] PARAM_READ           | EE 06 2C EE EA 1E 00 5F
[23:18:25.592] PARAM_ENTRY (Discovery) | EA 10 2B EA EE 1E 00 00 0D 42 69 6E 64 00 00 C8 00 E5
      <--- INFO: Definicja parametru (Discovery)
[23:18:25.640] ELRS_STATUS          | EA 0D 3A EA EE 10 00 03 0D 40 00 00 00 AA 88
[23:18:25.671] PARAM_READ           | EE 06 2C EE EA 1F 00 54
[23:18:25.703] PARAM_ENTRY (Discovery) | EA 17 2B EA EE 1F 00 00 0C 42 61 64 2F 47 6F 6F 64 00 30 2F 31 30 31 00 C8
      <--- INFO: Definicja parametru (Discovery)
[23:18:25.767] PARAM_READ           | EE 06 2C EE EA 20 00 38
[23:18:25.800] PARAM_ENTRY (Discovery) | EA 1C 2B EA EE 20 00 00 0C 33 2E 36 2E 32 20 49 53 4D 32 47 34 00 30 62 30 63 63 65 00 BE
      <--- INFO: Definicja parametru (Discovery)
[23:18:25.832] ELRS_STATUS          | EA 0D 3A EA EE 10 00 03 0D 40 00 00 01 2C ED
[23:18:25.879] PARAM_READ           | EE 06 2C EE EA 01 00 86
[23:18:25.904] PARAM_ENTRY (Discovery) | EA 3E 2B EA EE 01 02 00 09 50 61 63 6B 65 74 20 52 61 74 65 00 35 30 48 7A 28 2D 31 31 35 64 42 6D 29 3B 31 30 30 48 7A 20 46 75 6C 6C 28 2D 31 31 32 64 42 6D 29 3B 31 35 30 48 7A 28 2D 31 FC
      <--- INFO: Definicja parametru (Discovery)
[23:18:25.967] PARAM_READ           | EE 06 2C EE EA 01 01 53
[23:18:26.004] PARAM_ENTRY (Discovery) | EA 3E 2B EA EE 01 01 31 32 64 42 6D 29 3B 32 35 30 48 7A 28 2D 31 30 38 64 42 6D 29 3B 33 33 33 48 7A 20 46 75 6C 6C 28 2D 31 30 35 64 42 6D 29 3B 35 30 30 48 7A 28 2D 31 30 35 64 42 6D 29 94
      <--- INFO: Definicja parametru (Discovery)
[23:18:26.036] ELRS_STATUS          | EA 0D 3A EA EE 10 00 03 0D 40 FF FF FF EC 4C
[23:18:26.067] PARAM_READ           | EE 06 2C EE EA 01 02 F9
[23:18:26.104] PARAM_ENTRY (Discovery) | EA 36 2B EA EE 01 00 3B 44 32 35 30 28 2D 31 30 34 64 42 6D 29 3B 44 35 30 30 28 2D 31 30 34 64 42 6D 29 3B 46 35 30 30 28 2D 31 30 34 64 42 6D 29 00 00 00 08 00 00 0E
      <--- INFO: Definicja parametru (Discovery)
[23:18:26.167] PARAM_READ           | EE 06 2C EE EA 02 00 9B
[23:18:26.204] PARAM_ENTRY (Discovery) | EA 3E 2B EA EE 02 01 00 09 54 65 6C 65 6D 20 52 61 74 69 6F 00 53 74 64 3B 4F 66 66 3B 31 3A 31 32 38 3B 31 3A 36 34 3B 31 3A 33 32 3B 31 3A 31 36 3B 31 3A 38 3B 31 3A 34 3B 31 3A 32 3B 52 B8
      <--- INFO: Definicja parametru (Discovery)
[23:18:26.236] ELRS_STATUS          | EA 0D 3A EA EE 10 00 03 0D 40 00 00 00 AA 88
[23:18:26.267] PARAM_READ           | EE 06 2C EE EA 02 01 4E
[23:18:26.300] PARAM_ENTRY (Discovery) | EA 16 2B EA EE 02 00 61 63 65 00 02 00 09 00 20 28 37 62 70 73 29 00 65
      <--- INFO: Definicja parametru (Discovery)
[23:18:26.379] PARAM_READ           | EE 06 2C EE EA 03 00 90
[23:18:26.404] PARAM_ENTRY (Discovery) | EA 25 2B EA EE 03 00 00 09 53 77 69 74 63 68 20 4D 6F 64 65 00 57 69 64 65 3B 48 79 62 72 69 64 00 01 00 01 00 00 35
      <--- INFO: Definicja parametru (Discovery)
[23:18:26.436] ELRS_STATUS          | EA 0D 3A EA EE 10 00 03 0D 40 00 00 00 C8 CE
[23:18:26.467] PARAM_READ           | EE 06 2C EE EA 04 00 A1
[23:18:26.504] PARAM_ENTRY (Discovery) | EA 26 2B EA EE 04 00 00 09 4C 69 6E 6B 20 4D 6F 64 65 00 4E 6F 72 6D 61 6C 3B 4D 41 56 4C 69 6E 6B 00 00 00 01 00 00 06
      <--- INFO: Definicja parametru (Discovery)
[23:18:26.567] PARAM_READ           | EE 06 2C EE EA 05 00 AA
[23:18:26.604] PARAM_ENTRY (Discovery) | EA 28 2B EA EE 05 00 00 09 4D 6F 64 65 6C 20 4D 61 74 63 68 00 4F 66 66 3B 4F 6E 00 00 00 01 00 20 28 49 44 3A 20 30 29 00 D2
      <--- INFO: Definicja parametru (Discovery)
[23:18:26.636] ELRS_STATUS          | EA 0D 3A EA EE 10 00 03 0D 40 00 00 00 6E 04
[23:18:26.668] PARAM_READ           | EE 06 2C EE EA 06 00 B7
[23:18:26.700] PARAM_ENTRY (Discovery) | EA 1C 2B EA EE 06 00 00 0B 54 58 20 50 6F 77 65 72 20 28 32 35 6D 57 29 00 07 08 09 FF B8
      <--- INFO: Definicja parametru (Discovery)
[23:18:26.779] PARAM_READ           | EE 06 2C EE EA 07 00 BC
[23:18:26.804] PARAM_ENTRY (Discovery) | EA 30 2B EA EE 07 00 06 09 4D 61 78 20 50 6F 77 65 72 00 32 35 3B 35 30 3B 31 30 30 3B 32 35 30 3B 35 30 30 3B 31 30 30 30 00 00 00 05 00 6D 57 00 4F
      <--- INFO: Definicja parametru (Discovery)
[23:18:26.836] ELRS_STATUS          | EA 0D 3A EA EE 10 00 03 0D 40 00 00 01 0E 36
[23:18:26.868] PARAM_READ           | EE 06 2C EE EA 08 00 D5
[23:18:26.904] PARAM_ENTRY (Discovery) | EA 34 2B EA EE 08 00 06 09 44 79 6E 61 6D 69 63 00 4F 66 66 3B 44 79 6E 3B 41 55 58 39 3B 41 55 58 31 30 3B 41 55 58 31 31 3B 41 55 58 31 32 00 00 00 05 00 00 01
      <--- INFO: Definicja parametru (Discovery)
[23:18:26.968] PARAM_READ           | EE 06 2C EE EA 09 00 DE
[23:18:27.004] PARAM_ENTRY (Discovery) | EA 3E 2B EA EE 09 01 06 09 46 61 6E 20 54 68 72 65 73 68 00 31 30 6D 57 3B 32 35 6D 57 3B 35 30 6D 57 3B 31 30 30 6D 57 3B 32 35 30 6D 57 3B 35 30 30 6D 57 3B 31 30 30 30 6D 57 3B 32 30 30 B6
      <--- INFO: Definicja parametru (Discovery)
[23:18:27.036] ELRS_STATUS          | EA 0D 3A EA EE 10 00 03 0D 40 00 00 00 C8 CE
[23:18:27.068] PARAM_READ           | EE 06 2C EE EA 09 01 0B
[23:18:27.100] PARAM_ENTRY (Discovery) | EA 15 2B EA EE 09 00 30 6D 57 3B 4E 65 76 65 72 00 05 00 08 00 00 B8
      <--- INFO: Definicja parametru (Discovery)
[23:18:27.180] PARAM_READ           | EE 06 2C EE EA 0A 00 C3
[23:18:27.196] PARAM_ENTRY (Discovery) | EA 20 2B EA EE 0A 00 00 0B 56 54 58 20 41 64 6D 69 6E 69 73 74 72 61 74 6F 72 00 0B 0C 0D 0E 0F FF 62
      <--- INFO: Definicja parametru (Discovery)
[23:18:27.244] ELRS_STATUS          | EA 0D 3A EA EE 10 00 03 0D 40 00 00 01 36 E9
[23:18:27.276] PARAM_READ           | EE 06 2C EE EA 0B 00 C8
[23:18:27.308] PARAM_ENTRY (Discovery) | EA 22 2B EA EE 0B 00 0A 09 42 61 6E 64 00 4F 66 66 3B 41 3B 42 3B 45 3B 46 3B 52 3B 4C 00 00 00 06 00 00 4B
      <--- INFO: Definicja parametru (Discovery)
[23:18:27.372] PARAM_READ           | EE 06 2C EE EA 0C 00 F9
[23:18:27.404] PARAM_ENTRY (Discovery) | EA 15 2B EA EE 0C 00 0A 00 43 68 61 6E 6E 65 6C 00 01 01 08 00 00 FB
      <--- INFO: Definicja parametru (Discovery)
[23:18:27.436] ELRS_STATUS          | EA 0D 3A EA EE 10 00 03 0D 40 00 00 00 8C AD
[23:18:27.468] PARAM_READ           | EE 06 2C EE EA 0D 00 F2
[23:18:27.504] PARAM_ENTRY (Discovery) | EA 27 2B EA EE 0D 00 0A 09 50 77 72 20 4C 76 6C 00 2D 3B 31 3B 32 3B 33 3B 34 3B 35 3B 36 3B 37 3B 38 00 00 00 08 00 00 C1
      <--- INFO: Definicja parametru (Discovery)
[23:18:27.568] PARAM_READ           | EE 06 2C EE EA 0E 00 EF
[23:18:27.604] PARAM_ENTRY (Discovery) | EA 3E 2B EA EE 0E 02 0A 89 50 69 74 6D 6F 64 65 00 4F 66 66 3B 4F 6E 3B 41 55 58 31 C0 3B 41 55 58 31 C1 3B 41 55 58 32 C0 3B 41 55 58 32 C1 3B 41 55 58 33 C0 3B 41 55 58 33 C1 3B 41 55 58 F1
      <--- INFO: Definicja parametru (Discovery)
[23:18:27.636] ELRS_STATUS          | EA 0D 3A EA EE 10 00 03 0D 40 FF FF FF CE 97
[23:18:27.668] PARAM_READ           | EE 06 2C EE EA 0E 01 3A
[23:18:27.704] PARAM_ENTRY (Discovery) | EA 3E 2B EA EE 0E 01 34 C0 3B 41 55 58 34 C1 3B 41 55 58 35 C0 3B 41 55 58 35 C1 3B 41 55 58 36 C0 3B 41 55 58 36 C1 3B 41 55 58 37 C0 3B 41 55 58 37 C1 3B 41 55 58 38 C0 3B 41 55 58 38 C1 00
      <--- INFO: Definicja parametru (Discovery)
[23:18:27.768] PARAM_READ           | EE 06 2C EE EA 0E 02 90
[23:18:27.804] PARAM_ENTRY (Discovery) | EA 26 2B EA EE 0E 00 3B 41 55 58 39 C0 3B 41 55 58 39 C1 3B 41 55 58 31 30 C0 3B 41 55 58 31 30 C1 00 00 00 15 00 00 97
      <--- INFO: Definicja parametru (Discovery)
[23:18:27.836] ELRS_STATUS          | EA 0D 3A EA EE 10 00 03 0D 40 00 00 01 2C ED
[23:18:27.868] PARAM_READ           | EE 06 2C EE EA 0F 00 E4
[23:18:27.900] PARAM_ENTRY (Discovery) | EA 14 2B EA EE 0F 00 0A 0D 53 65 6E 64 20 56 54 78 00 00 C8 00 01
      <--- INFO: Definicja parametru (Discovery)
[23:18:27.980] PARAM_READ           | EE 06 2C EE EA 10 00 3D
[23:18:27.996] PARAM_ENTRY (Discovery) | EA 1F 2B EA EE 10 00 00 0B 57 69 46 69 20 43 6F 6E 6E 65 63 74 69 76 69 74 79 00 11 12 13 14 FF 05
      <--- INFO: Definicja parametru (Discovery)
[23:18:28.044] ELRS_STATUS          | EA 0D 3A EA EE 10 00 03 0D 40 FF FF FF A6 87
[23:18:28.076] PARAM_READ           | EE 06 2C EE EA 11 00 36
[23:18:28.092] PARAM_ENTRY (Discovery) | EA 17 2B EA EE 11 00 10 0D 45 6E 61 62 6C 65 20 57 69 46 69 00 00 C8 00 92
      <--- INFO: Definicja parametru (Discovery)
[23:18:28.172] PARAM_READ           | EE 06 2C EE EA 12 00 2B
[23:18:28.204] PARAM_ENTRY (Discovery) | EA 1A 2B EA EE 12 00 10 0D 45 6E 61 62 6C 65 20 52 78 20 57 69 46 69 00 00 C8 00 43
      <--- INFO: Definicja parametru (Discovery)
[23:18:28.236] ELRS_STATUS          | EA 0D 3A EA EE 10 00 03 0D 40 00 00 00 8C AD
[23:18:28.268] PARAM_READ           | EE 06 2C EE EA 13 00 20
[23:18:28.300] PARAM_ENTRY (Discovery) | EA 20 2B EA EE 13 00 10 0D 45 6E 61 62 6C 65 20 42 61 63 6B 70 61 63 6B 20 57 69 46 69 00 00 C8 00 4B
      <--- INFO: Definicja parametru (Discovery)
[23:18:28.380] DEVICE_INFO          | EA 20 29 EA EE 48 4D 20 45 53 32 34 54 58 20 50 72 6F 00 45 4C 52 53 00 00 00 00 00 03 06 02 20 00 90
[23:18:28.444] ELRS_STATUS          | EA 0D 3A EA EE 10 00 03 0D 40 00 00 03 84 99
[23:18:28.636] ELRS_STATUS          | EA 0D 3A EA EE 10 00 03 0D 40 00 00 00 64 52
[23:18:28.844] ELRS_STATUS          | EA 0D 3A EA EE 10 00 03 0D 40 00 00 00 96 A9
[23:18:29.036] ELRS_STATUS          | EA 0D 3A EA EE 10 00 03 0D 40 00 00 00 DC 62
[23:18:29.244] ELRS_STATUS          | EA 0D 3A EA EE 10 00 03 0D 40 00 00 00 96 A9
[23:18:29.436] DEVICE_INFO          | EA 20 29 EA EE 48 4D 20 45 53 32 34 54 58 20 50 72 6F 00 45 4C 52 53 00 00 00 00 00 03 06 02 20 00 90
[23:18:29.452] ELRS_STATUS          | EA 0D 3A EA EE 10 00 03 0D 40 FF FF FF CE 97
[23:18:29.660] ELRS_STATUS          | EA 0D 3A EA EE 10 00 03 0D 40 00 00 01 EA 1E
[23:18:29.852] ELRS_STATUS          | EA 0D 3A EA EE 10 00 03 0D 40 FF FF FF C4 C1
[23:18:30.060] ELRS_STATUS          | EA 0D 3A EA EE 10 00 03 0D 40 00 00 00 96 A9
[23:18:30.252] ELRS_STATUS          | EA 0D 3A EA EE 10 00 03 0D 40 00 00 00 6E 04
[23:18:30.460] ELRS_STATUS          | EA 0D 3A EA EE 10 00 03 0D 40 00 00 01 B8 AE
[23:18:30.652] ELRS_STATUS          | EA 0D 3A EA EE 10 00 03 0D 40 FF FF FF C4 C1
[23:18:30.860] ELRS_STATUS          | EA 0D 3A EA EE 10 00 03 0D 40 00 00 00 D2 CA
[23:18:31.052] ELRS_STATUS          | EA 0D 3A EA EE 10 00 03 0D 40 00 00 00 A0 DE
[23:18:31.260] ELRS_STATUS          | EA 0D 3A EA EE 10 00 03 0D 40 00 00 00 E6 C2
[23:18:31.452] ELRS_STATUS          | EA 0D 3A EA EE 10 00 03 0D 40 00 00 00 A0 DE
[23:18:31.660] ELRS_STATUS          | EA 0D 3A EA EE 10 00 03 0D 40 FF FF FF C4 C1
[23:18:31.852] ELRS_STATUS          | EA 0D 3A EA EE 10 00 03 0D 40 00 00 00 FA 47
[23:18:32.060] ELRS_STATUS          | EA 0D 3A EA EE 10 00 03 0D 40 00 00 00 6E 04
[23:18:32.252] ELRS_STATUS          | EA 0D 3A EA EE 10 00 03 0D 40 00 00 00 AA 88
[23:18:32.460] ELRS_STATUS          | EA 0D 3A EA EE 10 00 03 0D 40 00 00 01 04 60
[23:18:32.652] ELRS_STATUS          | EA 0D 3A EA EE 10 00 03 0D 40 00 00 00 46 89
[23:18:32.860] ELRS_STATUS          | EA 0D 3A EA EE 10 00 03 0D 40 00 00 00 96 A9
[23:18:33.052] ELRS_STATUS          | EA 0D 3A EA EE 10 00 03 0D 40 00 00 00 AA 88
[23:18:33.260] ELRS_STATUS          | EA 0D 3A EA EE 10 00 03 0D 40 00 00 00 6E 04
[23:18:33.452] ELRS_STATUS          | EA 0D 3A EA EE 10 00 03 0D 40 00 00 00 46 89
[23:18:33.660] ELRS_STATUS          | EA 0D 3A EA EE 10 00 03 0D 40 00 00 00 FA 47
[23:18:33.852] ELRS_STATUS          | EA 0D 3A EA EE 10 00 03 0D 40 00 00 00 78 D7
[23:18:34.060] ELRS_STATUS          | EA 0D 3A EA EE 10 00 03 0D 40 00 00 02 12 AE
[23:18:34.252] ELRS_STATUS          | EA 0D 3A EA EE 10 00 03 0D 40 00 00 00 64 52
[23:18:34.460] ELRS_STATUS          | EA 0D 3A EA EE 10 00 03 0D 40 FF FF FF CE 97
[23:18:34.652] ELRS_STATUS          | EA 0D 3A EA EE 10 00 03 0D 40 00 00 00 C8 CE
[23:18:34.860] ELRS_STATUS          | EA 0D 3A EA EE 10 00 03 0D 40 00 00 00 C8 CE
[23:18:35.052] ELRS_STATUS          | EA 0D 3A EA EE 10 00 03 0D 40 00 00 00 6E 04
[23:18:35.260] ELRS_STATUS          | EA 0D 3A EA EE 10 00 03 0D 40 00 00 00 C8 CE
[23:18:35.452] ELRS_STATUS          | EA 0D 3A EA EE 10 00 03 0D 40 00 00 00 D2 CA
[23:18:35.660] ELRS_STATUS          | EA 0D 3A EA EE 10 00 03 0D 40 00 00 01 9A 75
[23:18:35.852] ELRS_STATUS          | EA 0D 3A EA EE 10 00 03 0D 40 FF FF FF 88 8B
[23:18:36.060] ELRS_STATUS          | EA 0D 3A EA EE 10 00 03 0D 40 00 00 00 C8 CE
[23:18:36.252] ELRS_STATUS          | EA 0D 3A EA EE 10 00 03 0D 40 FF FF FF F6 48
[23:18:36.460] ELRS_STATUS          | EA 0D 3A EA EE 10 00 03 0D 40 00 00 00 FA 47
[23:18:36.652] ELRS_STATUS          | EA 0D 3A EA EE 10 00 03 0D 40 00 00 01 2C ED
[23:18:36.860] ELRS_STATUS          | EA 0D 3A EA EE 10 00 03 0D 40 FF FF FF BA 02
[23:18:37.052] ELRS_STATUS          | EA 0D 3A EA EE 10 00 03 0D 40 00 00 00 32 1C
[23:18:37.260] ELRS_STATUS          | EA 0D 3A EA EE 10 00 03 0D 40 00 00 02 08 AA
[23:18:37.452] ELRS_STATUS          | EA 0D 3A EA EE 10 00 03 0D 40 00 00 00 6E 04
[23:18:37.660] ELRS_STATUS          | EA 0D 3A EA EE 10 00 03 0D 40 FF FF FF C4 C1
[23:18:37.852] ELRS_STATUS          | EA 0D 3A EA EE 10 00 03 0D 40 00 00 00 6E 04

Przerwano.
